// Jest Snapshot v1, https://goo.gl/fbAQLP

exports[`Pruebas en <GifGridItem /> should show component correctly 1`] = `
<div
  className="card animate__animated animate__fadeIn"
>
  <img
    alt="Titulo"
    src="https://localhost:3000/test.png"
  />
  <p>
    Titulo
  </p>
</div>
`;
